../drivers/Src/stm32f103xx_spi_driver.c:27:6:SPI_periClockControl	16	static
../drivers/Src/stm32f103xx_spi_driver.c:67:6:SPI_init	24	static
../drivers/Src/stm32f103xx_spi_driver.c:121:6:SPI_deinit	16	static
../drivers/Src/stm32f103xx_spi_driver.c:148:6:SPI_SendData	24	static
../drivers/Src/stm32f103xx_spi_driver.c:184:6:SPI_ReceiveData	24	static
../drivers/Src/stm32f103xx_spi_driver.c:221:6:SPI_IRQInterruptConfig	16	static
../drivers/Src/stm32f103xx_spi_driver.c:268:6:SPI_IRQPriorityConfig	24	static
../drivers/Src/stm32f103xx_spi_driver.c:291:6:SPI_IRQHandler	24	static
../drivers/Src/stm32f103xx_spi_driver.c:335:9:SPI_GetFlagStatus	16	static
../drivers/Src/stm32f103xx_spi_driver.c:359:6:SPI_PeripheralControl	16	static
../drivers/Src/stm32f103xx_spi_driver.c:382:6:SPI_SSIConfig	16	static
../drivers/Src/stm32f103xx_spi_driver.c:405:6:SPI_SSOEConfig	16	static
../drivers/Src/stm32f103xx_spi_driver.c:414:9:SPI_SendDataIT	32	static
../drivers/Src/stm32f103xx_spi_driver.c:435:9:SPI_ReceiveDataIT	32	static
../drivers/Src/stm32f103xx_spi_driver.c:457:13:spi_txe_interrupt_handle	16	static
../drivers/Src/stm32f103xx_spi_driver.c:482:13:spi_rxne_interrupt_handle	16	static
../drivers/Src/stm32f103xx_spi_driver.c:485:13:spi_ovr_err_interrupt_handle	16	static
